// Jest Snapshot v1, https://goo.gl/fbAQLP

exports[`Testes do componente Header Snapshot do componente 1`] = `
<div>
  <header
    class="sc-dkPtRN bxxqEN"
  >
    <div
      class="sc-bdvvtL klUASx"
    >
      <img
        alt="Logo de Madruga"
        height="50"
        src="/assets/icons8-circled-m-80.png"
        width="50"
      />
      <h2>
        &lt;
        <span>
          L
        </span>
        uciano 
        <span>
          A
        </span>
        m√¢ncio
        /&gt;
      </h2>
    </div>
    <nav
      class="sc-gsDKAQ gkFwAu"
    >
      <ul>
        <li>
          <a
            href="/portifolio"
          >
            HOME
          </a>
        </li>
        <li>
          <a
            href="/portifolio/projetos"
          >
            PROJETOS
          </a>
        </li>
        <li>
          <a
            href="/portifolio/contato"
          >
            CONTATO
          </a>
        </li>
        <li>
          <a
            href="/portifolio/sobre"
          >
            SOBRE
          </a>
        </li>
      </ul>
    </nav>
  </header>
</div>
`;
