// Jest Snapshot v1, https://goo.gl/fbAQLP

exports[`Testes do componente About Snapshot do componente 1`] = `
<section
  className="sc-bdvvtL giuIBI"
>
  <div
    className="sc-gsDKAQ bDeHbX"
  >
    <img
      alt="Luciano Amancio"
      className="about-image"
      height={400}
      src="/assets/madruga-image-about.jpg"
      width={300}
    />
  </div>
  <div
    className="sc-dkPtRN bYqQBK"
  >
    <p>
      Olá, me chamo 
      <strong>
        Luciano Amâncio
      </strong>
      , tenho 34 anos e moro em Guarujá-SP.
      <br />
      Sou pai da 
      <strong>
        Julia
      </strong>
       do 
      <strong>
        Heitor
      </strong>
       e do 
      <strong>
        Dante
      </strong>
      .
      <br />
      Sou Desenvolvedor Web Full Stack, formado pela 
      <strong>
        Trybe
      </strong>
       e atualmente trabalho na 
      <strong>
        Remessa Online
      </strong>
      <br />
      Criei esse site para mostrar um pouco de minhas habilidades e experiências .
    </p>
  </div>
</section>
`;
